{
  "status": "not_initialized",
  "healthy": false,
  "initialized": false,
  "explanation": "No cass database or search index exists in [TEST_HOME]/coding-agent-search yet. This is expected on a fresh install or when using a brand-new --data-dir.",
  "recommended_action": "Run 'cass index --full' once to discover local sessions and build the initial archive.",
  "issues_found": 3,
  "issues_fixed": 0,
  "failures": 0,
  "warnings": 3,
  "needs_rebuild": false,
  "auto_fix_applied": false,
  "auto_fix_actions": [],
  "asset_taxonomy": [
    {
      "asset_class": "source_session_log",
      "safety_classification": "precious_evidence",
      "derived": false,
      "precious": true,
      "auto_delete_allowed": false,
      "safe_to_gc_allowed": false,
      "allowed_operations": [
        "read",
        "backup",
        "copy",
        "move_quarantine",
        "normalize",
        "redact",
        "export",
        "support_bundle"
      ],
      "notes": "Original provider session logs may be the only surviving archive copy."
    },
    {
      "asset_class": "raw_mirror_blob",
      "safety_classification": "precious_evidence",
      "derived": false,
      "precious": true,
      "auto_delete_allowed": false,
      "safe_to_gc_allowed": false,
      "allowed_operations": [
        "read",
        "backup",
        "copy",
        "move_quarantine",
        "normalize",
        "redact",
        "export",
        "support_bundle"
      ],
      "notes": "Raw mirrors preserve original bytes for future parser recovery."
    },
    {
      "asset_class": "canonical_archive_db",
      "safety_classification": "canonical_archive",
      "derived": false,
      "precious": true,
      "auto_delete_allowed": false,
      "safe_to_gc_allowed": false,
      "allowed_operations": [
        "read",
        "backup",
        "copy",
        "normalize",
        "rebuild",
        "restore",
        "redact",
        "export",
        "support_bundle"
      ],
      "notes": "SQLite archive state is the source of truth for indexed conversations."
    },
    {
      "asset_class": "archive_db_sidecar",
      "safety_classification": "recoverable_sidecar",
      "derived": false,
      "precious": true,
      "auto_delete_allowed": false,
      "safe_to_gc_allowed": false,
      "allowed_operations": [
        "read",
        "backup",
        "copy",
        "rebuild",
        "restore",
        "support_bundle"
      ],
      "notes": "WAL/SHM and related sidecars can contain uncheckpointed archive state."
    },
    {
      "asset_class": "source_coverage_ledger",
      "safety_classification": "audit_trail",
      "derived": false,
      "precious": true,
      "auto_delete_allowed": false,
      "safe_to_gc_allowed": false,
      "allowed_operations": [
        "read",
        "backup",
        "copy",
        "redact",
        "export",
        "support_bundle"
      ],
      "notes": "Coverage ledgers explain which source paths have been mirrored or indexed."
    },
    {
      "asset_class": "user_config",
      "safety_classification": "user_configuration",
      "derived": false,
      "precious": true,
      "auto_delete_allowed": false,
      "safe_to_gc_allowed": false,
      "allowed_operations": [
        "read",
        "backup",
        "copy",
        "restore",
        "redact",
        "export",
        "support_bundle"
      ],
      "notes": "User configuration must be preserved unless an operator explicitly edits it."
    },
    {
      "asset_class": "bookmark_store",
      "safety_classification": "user_configuration",
      "derived": false,
      "precious": true,
      "auto_delete_allowed": false,
      "safe_to_gc_allowed": false,
      "allowed_operations": [
        "read",
        "backup",
        "copy",
        "restore",
        "redact",
        "export",
        "support_bundle"
      ],
      "notes": "Bookmarks are user-authored archive annotations."
    },
    {
      "asset_class": "operation_receipt",
      "safety_classification": "audit_trail",
      "derived": false,
      "precious": true,
      "auto_delete_allowed": false,
      "safe_to_gc_allowed": false,
      "allowed_operations": [
        "read",
        "backup",
        "copy",
        "redact",
        "export",
        "support_bundle"
      ],
      "notes": "Receipts prove what doctor changed or refused to change."
    },
    {
      "asset_class": "event_log",
      "safety_classification": "audit_trail",
      "derived": false,
      "precious": true,
      "auto_delete_allowed": false,
      "safe_to_gc_allowed": false,
      "allowed_operations": [
        "read",
        "backup",
        "copy",
        "redact",
        "export",
        "support_bundle"
      ],
      "notes": "Event logs are forensic breadcrumbs for repair and support."
    },
    {
      "asset_class": "forensic_bundle",
      "safety_classification": "diagnostic_evidence",
      "derived": false,
      "precious": true,
      "auto_delete_allowed": false,
      "safe_to_gc_allowed": false,
      "allowed_operations": [
        "read",
        "backup",
        "copy",
        "redact",
        "export",
        "support_bundle"
      ],
      "notes": "Forensic bundles are captured evidence, not cleanup candidates."
    },
    {
      "asset_class": "support_bundle",
      "safety_classification": "diagnostic_evidence",
      "derived": false,
      "precious": true,
      "auto_delete_allowed": false,
      "safe_to_gc_allowed": false,
      "allowed_operations": [
        "read",
        "backup",
        "copy",
        "redact",
        "export",
        "support_bundle"
      ],
      "notes": "Support bundles can be redacted and exported but never auto-pruned."
    },
    {
      "asset_class": "backup_bundle",
      "safety_classification": "backup_evidence",
      "derived": false,
      "precious": true,
      "auto_delete_allowed": false,
      "safe_to_gc_allowed": false,
      "allowed_operations": [
        "read",
        "copy",
        "restore",
        "redact",
        "export",
        "support_bundle"
      ],
      "notes": "Backups may be the only rollback point after a failed repair."
    },
    {
      "asset_class": "derived_lexical_index",
      "safety_classification": "derived_rebuildable",
      "derived": true,
      "precious": false,
      "auto_delete_allowed": false,
      "safe_to_gc_allowed": false,
      "allowed_operations": [
        "read",
        "backup",
        "copy",
        "move_quarantine",
        "rebuild",
        "support_bundle"
      ],
      "notes": "Live lexical indexes are derived but must be reclassified before pruning."
    },
    {
      "asset_class": "derived_semantic_index",
      "safety_classification": "derived_rebuildable",
      "derived": true,
      "precious": false,
      "auto_delete_allowed": false,
      "safe_to_gc_allowed": false,
      "allowed_operations": [
        "read",
        "backup",
        "copy",
        "move_quarantine",
        "rebuild",
        "support_bundle"
      ],
      "notes": "Semantic indexes are derived and rebuildable but can be expensive to recreate."
    },
    {
      "asset_class": "model_cache",
      "safety_classification": "derived_rebuildable",
      "derived": true,
      "precious": false,
      "auto_delete_allowed": false,
      "safe_to_gc_allowed": false,
      "allowed_operations": [
        "read",
        "backup",
        "copy",
        "move_quarantine",
        "rebuild",
        "support_bundle"
      ],
      "notes": "Model caches are opt-in downloads; do not silently delete them."
    },
    {
      "asset_class": "memo_cache",
      "safety_classification": "derived_reclaimable",
      "derived": true,
      "precious": false,
      "auto_delete_allowed": true,
      "safe_to_gc_allowed": true,
      "allowed_operations": [
        "read",
        "backup",
        "copy",
        "move_quarantine",
        "rebuild",
        "prune_reclaim",
        "support_bundle"
      ],
      "notes": "Memoization caches are derived and may be reclaimed when a plan proves safety."
    },
    {
      "asset_class": "retained_publish_backup",
      "safety_classification": "derived_reclaimable",
      "derived": true,
      "precious": false,
      "auto_delete_allowed": true,
      "safe_to_gc_allowed": true,
      "allowed_operations": [
        "read",
        "backup",
        "copy",
        "move_quarantine",
        "rebuild",
        "prune_reclaim",
        "support_bundle"
      ],
      "notes": "Bounded old lexical publish backups are derived rollback copies."
    },
    {
      "asset_class": "failed_seed_bundle",
      "safety_classification": "diagnostic_evidence",
      "derived": false,
      "precious": true,
      "auto_delete_allowed": false,
      "safe_to_gc_allowed": false,
      "allowed_operations": [
        "read",
        "backup",
        "copy",
        "redact",
        "export",
        "support_bundle"
      ],
      "notes": "Failed seed bundles explain initialization failures and require inspection."
    },
    {
      "asset_class": "quarantined_lexical_generation",
      "safety_classification": "diagnostic_evidence",
      "derived": true,
      "precious": false,
      "auto_delete_allowed": false,
      "safe_to_gc_allowed": false,
      "allowed_operations": [
        "read",
        "backup",
        "copy",
        "redact",
        "export",
        "support_bundle"
      ],
      "notes": "Quarantined generations are retained as evidence until inspection clears them."
    },
    {
      "asset_class": "quarantined_lexical_shard",
      "safety_classification": "diagnostic_evidence",
      "derived": true,
      "precious": false,
      "auto_delete_allowed": false,
      "safe_to_gc_allowed": false,
      "allowed_operations": [
        "read",
        "backup",
        "copy",
        "redact",
        "export",
        "support_bundle"
      ],
      "notes": "Quarantined shards are retained as validation-failure evidence."
    },
    {
      "asset_class": "reclaimable_derived_cache",
      "safety_classification": "derived_reclaimable",
      "derived": true,
      "precious": false,
      "auto_delete_allowed": true,
      "safe_to_gc_allowed": true,
      "allowed_operations": [
        "read",
        "backup",
        "copy",
        "move_quarantine",
        "rebuild",
        "prune_reclaim",
        "support_bundle"
      ],
      "notes": "A repair planner may use this only after proving the artifact is derived and replaceable."
    },
    {
      "asset_class": "external_upstream_source",
      "safety_classification": "external_source",
      "derived": false,
      "precious": true,
      "auto_delete_allowed": false,
      "safe_to_gc_allowed": false,
      "allowed_operations": [
        "read",
        "copy",
        "support_bundle"
      ],
      "notes": "External provider stores are never owned by cass doctor cleanup."
    },
    {
      "asset_class": "unknown",
      "safety_classification": "unknown",
      "derived": false,
      "precious": true,
      "auto_delete_allowed": false,
      "safe_to_gc_allowed": false,
      "allowed_operations": [],
      "notes": "Unknown assets fail closed until a specific class is added to the taxonomy."
    }
  ],
  "repair_contract": {
    "default_mode": "check",
    "default_non_destructive": true,
    "fail_closed": true,
    "plan_receipt_schema": {
      "plan_schema_version": 1,
      "receipt_schema_version": 1,
      "action_schema_version": 1,
      "artifact_schema_version": 1,
      "fingerprint_algorithm": "blake3-canonical-json-v1",
      "plan_fingerprint_includes": [
        "plan_kind",
        "schema_version",
        "mode",
        "approval_requirement",
        "approval_fingerprint",
        "outcome_contract",
        "coverage_before",
        "safety_gates",
        "actions",
        "artifact_manifest",
        "selected_authorities",
        "rejected_authorities",
        "blocked_reasons",
        "remaining_risk"
      ],
      "receipt_required_fields": [
        "receipt_kind",
        "schema_version",
        "mode",
        "outcome_kind",
        "approval_fingerprint",
        "plan_fingerprint",
        "started_at_ms",
        "finished_at_ms",
        "actions",
        "action_status_counts",
        "artifact_manifest",
        "drift_detection_status",
        "coverage_before",
        "coverage_after"
      ],
      "action_statuses": [
        "planned",
        "applied",
        "skipped",
        "blocked",
        "failed",
        "refused"
      ],
      "artifact_checksum_statuses": [
        "not_recorded",
        "matched",
        "mismatched",
        "missing"
      ],
      "drift_detection_statuses": [
        "not_checked",
        "verified",
        "checksum_mismatch",
        "missing_artifact",
        "manifest_mismatch"
      ],
      "redaction_contract": "robot receipts may expose existing doctor paths; support bundles must redact before export",
      "tamper_evidence_scope": "plan fingerprints, artifact manifests, event logs, and forensic bundles"
    },
    "verification_contract": {
      "schema_version": 1,
      "artifact_directory_contract": "each scripted doctor e2e run writes one durable artifact directory named <timestamp>-<scenario_id> with manifest.json at the root and one subdirectory per command step",
      "manifest_file": "manifest.json",
      "per_step_log_contract": "each step captures command/env metadata, stdout, stderr, parsed JSON, before/after inventories, checksums, receipts, timing, and redaction report paths",
      "required_manifest_fields": [
        "schema_version",
        "scenario_id",
        "command_line",
        "env",
        "binary_version",
        "started_at_ms",
        "finished_at_ms",
        "temp_data_dir_layout",
        "steps",
        "file_inventory_before",
        "file_inventory_after",
        "inventory_before",
        "inventory_after",
        "checksums",
        "receipts",
        "coverage_deltas",
        "redaction_report"
      ],
      "required_step_log_fields": [
        "step_id",
        "scenario_id",
        "command_line",
        "env",
        "exit_code",
        "stdout_path",
        "stderr_path",
        "parsed_json_path",
        "receipt_paths",
        "inventory_before_path",
        "inventory_after_path",
        "duration_ms",
        "redacted_paths"
      ],
      "required_inventory_fields": [
        "path",
        "redacted_path",
        "asset_class",
        "size_bytes",
        "mtime_ms",
        "descriptor_blake3",
        "content_blake3",
        "exists"
      ],
      "required_receipt_fields": [
        "receipt_kind",
        "schema_version",
        "mode",
        "outcome_kind",
        "approval_fingerprint",
        "plan_fingerprint",
        "started_at_ms",
        "finished_at_ms",
        "actions",
        "action_status_counts",
        "artifact_manifest",
        "drift_detection_status",
        "coverage_before",
        "coverage_after"
      ],
      "required_redaction_guarantees": [
        "raw session content is never copied into manifests by default",
        "support-bundle paths include redacted_path alongside exact local path fields",
        "environment captures must exclude secrets and token-shaped values",
        "stdout/stderr logs used for artifacts must be scrubbed before export"
      ],
      "matrix": [
        {
          "scenario_id": "no_delete_default_check",
          "feature_area": "default non-destructive doctor",
          "proof_layers": [
            "unit",
            "cli",
            "golden",
            "scripted_e2e"
          ],
          "representative_commands": [
            "cass doctor --json"
          ],
          "required_artifacts": [
            "manifest.json",
            "step-001/stdout.json",
            "step-001/stderr.txt",
            "step-001/inventory-before.json",
            "step-001/inventory-after.json"
          ],
          "mutation_audit_required": true,
          "redaction_required": true,
          "archive_preservation_assertion": "inventory_before and inventory_after must prove no archive, source, or user-state path was removed or rewritten",
          "notes": "This is the baseline guardrail: doctor with no repair mode is always read-only."
        },
        {
          "scenario_id": "upstream_pruned_archive_survives",
          "feature_area": "archive preservation after provider log pruning",
          "proof_layers": [
            "integration",
            "scripted_e2e"
          ],
          "representative_commands": [
            "cass index --full --json",
            "cass doctor --json",
            "cass search <known archived text> --json"
          ],
          "required_artifacts": [
            "manifest.json",
            "provider-inventory-before.json",
            "provider-inventory-after-prune.json",
            "cass-archive-query.json"
          ],
          "mutation_audit_required": true,
          "redaction_required": true,
          "archive_preservation_assertion": "cass archive DB remains queryable after upstream session files disappear",
          "notes": "Proves cass is a durable archive and not merely a live provider-log view."
        },
        {
          "scenario_id": "corrupt_db_repair_plan",
          "feature_area": "corruption diagnosis and repair planning",
          "proof_layers": [
            "unit",
            "fault_injection",
            "scripted_e2e"
          ],
          "representative_commands": [
            "cass doctor --json",
            "cass doctor --fix --json"
          ],
          "required_artifacts": [
            "manifest.json",
            "corrupt-db-before.bin",
            "doctor-plan.json",
            "doctor-receipt.json",
            "inventory-after.json"
          ],
          "mutation_audit_required": true,
          "redaction_required": true,
          "archive_preservation_assertion": "any corrupted archive bundle is backed up or quarantined before derived rebuild work proceeds",
          "notes": "Fault-injection proof must be diagnosable without rerunning against the user's real archive."
        },
        {
          "scenario_id": "stale_lock_and_active_rebuild",
          "feature_area": "lock ownership and interrupted operation handling",
          "proof_layers": [
            "unit",
            "integration",
            "scripted_e2e"
          ],
          "representative_commands": [
            "cass health --json",
            "cass doctor --json",
            "cass doctor --fix --json"
          ],
          "required_artifacts": [
            "manifest.json",
            "lock-state-before.json",
            "doctor-output.json",
            "lock-state-after.json"
          ],
          "mutation_audit_required": true,
          "redaction_required": true,
          "archive_preservation_assertion": "active rebuild locks block mutating cleanup and repairs; stale-lock handling records the owner and decision",
          "notes": "Prevents two doctor processes from racing repairs or cleanup."
        },
        {
          "scenario_id": "restore_rehearsal_then_apply",
          "feature_area": "backup verification and restore",
          "proof_layers": [
            "unit",
            "integration",
            "scripted_e2e"
          ],
          "representative_commands": [
            "cass doctor restore --dry-run --json",
            "cass doctor restore --apply --json"
          ],
          "required_artifacts": [
            "manifest.json",
            "restore-rehearsal-receipt.json",
            "restore-apply-receipt.json",
            "archive-query-after-restore.json"
          ],
          "mutation_audit_required": true,
          "redaction_required": true,
          "archive_preservation_assertion": "restore apply must require a rehearsal receipt and must verify archive readability after replacement",
          "notes": "Restore tests are intentionally separate from cleanup tests because they can touch canonical archive state."
        },
        {
          "scenario_id": "derived_cleanup_fingerprint_apply",
          "feature_area": "derived cleanup dry-run/apply",
          "proof_layers": [
            "unit",
            "cli",
            "golden",
            "scripted_e2e"
          ],
          "representative_commands": [
            "cass doctor --json",
            "cass doctor --fix --json",
            "cass diag --json --quarantine"
          ],
          "required_artifacts": [
            "manifest.json",
            "cleanup-plan.json",
            "cleanup-receipt.json",
            "inventory-before.json",
            "inventory-after.json"
          ],
          "mutation_audit_required": true,
          "redaction_required": true,
          "archive_preservation_assertion": "only derived reclaimable assets may disappear; source logs, archive DB, receipts, bundles, and quarantined evidence remain",
          "notes": "This scenario owns the before/after filesystem mutation audit contract."
        },
        {
          "scenario_id": "semantic_fallback_no_archive_damage",
          "feature_area": "semantic model and vector readiness",
          "proof_layers": [
            "unit",
            "integration",
            "golden"
          ],
          "representative_commands": [
            "cass models status --json",
            "cass health --json",
            "cass search <query> --json --robot-meta"
          ],
          "required_artifacts": [
            "manifest.json",
            "models-status.json",
            "health.json",
            "search-robot-meta.json"
          ],
          "mutation_audit_required": false,
          "redaction_required": true,
          "archive_preservation_assertion": "missing semantic assets report lexical fallback and never imply archive corruption",
          "notes": "Semantic fallback is readiness information, not a destructive repair path."
        },
        {
          "scenario_id": "multi_machine_source_sync_coverage",
          "feature_area": "source mirrors and multi-machine archive coverage",
          "proof_layers": [
            "integration",
            "scripted_e2e"
          ],
          "representative_commands": [
            "cass sources list --json",
            "cass sources sync --all --json",
            "cass doctor --json"
          ],
          "required_artifacts": [
            "manifest.json",
            "sources-before.json",
            "sync-output.json",
            "coverage-ledger-after.json",
            "doctor-output.json"
          ],
          "mutation_audit_required": true,
          "redaction_required": true,
          "archive_preservation_assertion": "source sync tests prove coverage ledgers update without deleting local archive evidence",
          "notes": "This keeps remote-source health distinct from local archive safety."
        }
      ]
    },
    "approval_requirements": [
      "none",
      "approval_fingerprint",
      "explicit_operator_confirmation",
      "rehearsal_receipt",
      "refused"
    ],
    "outcome_kinds": [
      "no_op",
      "planned",
      "applied",
      "partial",
      "blocked",
      "failed"
    ],
    "retry_safety_kinds": [
      "safe_to_retry",
      "retry_after_same_dry_run",
      "retry_after_inspection",
      "do_not_retry_without_review"
    ],
    "mode_policies": [
      {
        "mode": "check",
        "mutates": false,
        "robot_allowed": true,
        "approval_requirement": "none",
        "allowed_mutation_asset_classes": [],
        "required_fields": [
          "mode",
          "outcome_kind"
        ],
        "stdout_contract": "stdout contains data only in robot mode",
        "stderr_contract": "stderr contains diagnostics only",
        "aborts_on": [
          "schema_error",
          "io_error"
        ],
        "notes": "Default cass doctor mode; never mutates user or derived assets."
      },
      {
        "mode": "repair_dry_run",
        "mutates": false,
        "robot_allowed": true,
        "approval_requirement": "none",
        "allowed_mutation_asset_classes": [],
        "required_fields": [
          "mode",
          "planned_actions",
          "blocked_reasons",
          "outcome_kind"
        ],
        "stdout_contract": "stdout describes the plan and fingerprint only",
        "stderr_contract": "stderr contains diagnostics only",
        "aborts_on": [
          "schema_error",
          "io_error"
        ],
        "notes": "Plans repair work without changing filesystem or archive state."
      },
      {
        "mode": "repair_apply",
        "mutates": true,
        "robot_allowed": true,
        "approval_requirement": "approval_fingerprint",
        "allowed_mutation_asset_classes": [
          "derived_lexical_index",
          "derived_semantic_index",
          "reclaimable_derived_cache"
        ],
        "required_fields": [
          "mode",
          "approval_fingerprint",
          "planned_actions",
          "blocked_reasons",
          "outcome_kind",
          "retry_safety",
          "receipt"
        ],
        "stdout_contract": "stdout emits an apply receipt in robot mode",
        "stderr_contract": "stderr contains progress and diagnostics only",
        "aborts_on": [
          "active_rebuild_lock",
          "approval_fingerprint_missing",
          "approval_fingerprint_mismatched",
          "unsafe_asset_class",
          "unsafe_path",
          "verification_failed"
        ],
        "notes": "Applies verified derived-index repairs after matching the dry-run fingerprint."
      },
      {
        "mode": "cleanup_dry_run",
        "mutates": false,
        "robot_allowed": true,
        "approval_requirement": "none",
        "allowed_mutation_asset_classes": [],
        "required_fields": [
          "mode",
          "planned_actions",
          "blocked_reasons",
          "outcome_kind"
        ],
        "stdout_contract": "stdout emits cleanup inventory and approval fingerprint",
        "stderr_contract": "stderr contains diagnostics only",
        "aborts_on": [
          "schema_error",
          "io_error"
        ],
        "notes": "Inventories reclaimable derived assets without pruning anything."
      },
      {
        "mode": "cleanup_apply",
        "mutates": true,
        "robot_allowed": true,
        "approval_requirement": "approval_fingerprint",
        "allowed_mutation_asset_classes": [
          "retained_publish_backup",
          "reclaimable_derived_cache",
          "memo_cache"
        ],
        "required_fields": [
          "mode",
          "approval_fingerprint",
          "planned_actions",
          "blocked_reasons",
          "outcome_kind",
          "retry_safety",
          "receipt"
        ],
        "stdout_contract": "stdout emits cleanup apply actions and receipt in robot mode",
        "stderr_contract": "stderr contains progress and diagnostics only",
        "aborts_on": [
          "active_rebuild_lock",
          "approval_fingerprint_missing",
          "approval_fingerprint_mismatched",
          "unsafe_asset_class",
          "unsafe_path",
          "verification_failed"
        ],
        "notes": "Prunes only derived reclaimable assets after path and taxonomy gates pass."
      },
      {
        "mode": "reconstruct_dry_run",
        "mutates": false,
        "robot_allowed": true,
        "approval_requirement": "none",
        "allowed_mutation_asset_classes": [],
        "required_fields": [
          "mode",
          "planned_actions",
          "blocked_reasons",
          "outcome_kind"
        ],
        "stdout_contract": "stdout emits reconstruct candidates and promotion fingerprint",
        "stderr_contract": "stderr contains diagnostics only",
        "aborts_on": [
          "schema_error",
          "io_error"
        ],
        "notes": "Previews archive reconstruction from preserved raw mirrors."
      },
      {
        "mode": "reconstruct_promote",
        "mutates": true,
        "robot_allowed": false,
        "approval_requirement": "approval_fingerprint",
        "allowed_mutation_asset_classes": [
          "raw_mirror_blob",
          "canonical_archive_db",
          "archive_db_sidecar",
          "operation_receipt"
        ],
        "required_fields": [
          "mode",
          "approval_fingerprint",
          "planned_actions",
          "blocked_reasons",
          "outcome_kind",
          "retry_safety",
          "receipt"
        ],
        "stdout_contract": "stdout emits promotion receipt after verification",
        "stderr_contract": "stderr contains progress and diagnostics only",
        "aborts_on": [
          "active_rebuild_lock",
          "approval_fingerprint_missing",
          "approval_fingerprint_mismatched",
          "unsafe_asset_class",
          "unsafe_path",
          "verification_failed"
        ],
        "notes": "Promotes reconstructed archive state only after preserving evidence and matching a plan."
      },
      {
        "mode": "restore_rehearsal",
        "mutates": false,
        "robot_allowed": true,
        "approval_requirement": "none",
        "allowed_mutation_asset_classes": [],
        "required_fields": [
          "mode",
          "planned_actions",
          "blocked_reasons",
          "outcome_kind"
        ],
        "stdout_contract": "stdout emits restore preflight and rehearsal receipt",
        "stderr_contract": "stderr contains diagnostics only",
        "aborts_on": [
          "schema_error",
          "io_error"
        ],
        "notes": "Validates restore inputs without replacing archive state."
      },
      {
        "mode": "restore_apply",
        "mutates": true,
        "robot_allowed": false,
        "approval_requirement": "rehearsal_receipt",
        "allowed_mutation_asset_classes": [
          "canonical_archive_db",
          "archive_db_sidecar",
          "backup_bundle"
        ],
        "required_fields": [
          "mode",
          "approval_fingerprint",
          "planned_actions",
          "blocked_reasons",
          "outcome_kind",
          "retry_safety",
          "receipt"
        ],
        "stdout_contract": "stdout emits restore receipt after verification",
        "stderr_contract": "stderr contains progress and diagnostics only",
        "aborts_on": [
          "active_rebuild_lock",
          "approval_fingerprint_missing",
          "approval_fingerprint_mismatched",
          "unsafe_asset_class",
          "unsafe_path",
          "verification_failed"
        ],
        "notes": "Requires a rehearsal receipt before touching canonical archive state."
      },
      {
        "mode": "support_bundle",
        "mutates": false,
        "robot_allowed": true,
        "approval_requirement": "none",
        "allowed_mutation_asset_classes": [],
        "required_fields": [
          "mode",
          "outcome_kind"
        ],
        "stdout_contract": "stdout emits bundle metadata in robot mode",
        "stderr_contract": "stderr contains diagnostics only",
        "aborts_on": [
          "schema_error",
          "io_error"
        ],
        "notes": "May redact/export evidence but does not prune or rewrite archives."
      },
      {
        "mode": "baseline_diff",
        "mutates": false,
        "robot_allowed": true,
        "approval_requirement": "none",
        "allowed_mutation_asset_classes": [],
        "required_fields": [
          "mode",
          "outcome_kind"
        ],
        "stdout_contract": "stdout emits baseline comparison data in robot mode",
        "stderr_contract": "stderr contains diagnostics only",
        "aborts_on": [
          "schema_error",
          "io_error"
        ],
        "notes": "Compares current state against baselines without mutation."
      },
      {
        "mode": "safe_auto_run",
        "mutates": true,
        "robot_allowed": true,
        "approval_requirement": "approval_fingerprint",
        "allowed_mutation_asset_classes": [
          "retained_publish_backup",
          "reclaimable_derived_cache",
          "memo_cache"
        ],
        "required_fields": [
          "mode",
          "approval_fingerprint",
          "planned_actions",
          "blocked_reasons",
          "outcome_kind",
          "retry_safety",
          "receipt"
        ],
        "stdout_contract": "stdout emits every sub-action receipt in robot mode",
        "stderr_contract": "stderr contains progress and diagnostics only",
        "aborts_on": [
          "active_rebuild_lock",
          "approval_fingerprint_missing",
          "approval_fingerprint_mismatched",
          "unsafe_asset_class",
          "unsafe_path",
          "verification_failed"
        ],
        "notes": "Legacy --fix maps here and may only apply individually safe, fingerprinted repairs."
      },
      {
        "mode": "emergency_force",
        "mutates": false,
        "robot_allowed": false,
        "approval_requirement": "refused",
        "allowed_mutation_asset_classes": [],
        "required_fields": [
          "mode",
          "outcome_kind"
        ],
        "stdout_contract": "stdout emits a refusal envelope",
        "stderr_contract": "stderr explains the unsupported override request",
        "aborts_on": [
          "always_refused_until_explicitly_implemented"
        ],
        "notes": "Declared explicitly so override-shaped requests fail closed instead of improvising."
      }
    ],
    "legacy_aliases": [
      {
        "invocation": "cass doctor",
        "mode": "check",
        "notes": "default inspection path; no mutation"
      },
      {
        "invocation": "cass doctor --json",
        "mode": "check",
        "notes": "robot inspection path; stdout is JSON data only"
      },
      {
        "invocation": "cass doctor --fix",
        "mode": "safe_auto_run",
        "notes": "legacy repair entrypoint; each mutating sub-action must still carry its own mode and fingerprint"
      },
      {
        "invocation": "cass doctor --fix --force-rebuild",
        "mode": "repair_apply",
        "notes": "legacy forced derived-index rebuild request; canonical archives remain protected"
      }
    ]
  },
  "checks": [
    {
      "name": "data_directory",
      "status": "pass",
      "message": "Data directory not created yet: [TEST_HOME]/coding-agent-search (it will be created on the first index run)",
      "fix_available": false,
      "fix_applied": false
    },
    {
      "name": "lock_file",
      "status": "pass",
      "message": "No stale lock files",
      "fix_available": false,
      "fix_applied": false
    },
    {
      "name": "database",
      "status": "warn",
      "message": "Database not initialized yet - no archive has been created in this data dir",
      "fix_available": false,
      "fix_applied": false
    },
    {
      "name": "index",
      "status": "warn",
      "message": "Search index not initialized yet - run the first index to build Tantivy metadata",
      "fix_available": false,
      "fix_applied": false
    },
    {
      "name": "config",
      "status": "pass",
      "message": "No config file (using defaults)",
      "fix_available": false,
      "fix_applied": false
    },
    {
      "name": "sources_config",
      "status": "pass",
      "message": "No remote sources configured",
      "fix_available": false,
      "fix_applied": false
    },
    {
      "name": "sessions",
      "status": "warn",
      "message": "No agent session directories found",
      "fix_available": false,
      "fix_applied": false
    }
  ],
  "quarantine": {
    "summary": {
      "failed_seed_bundle_count": 0,
      "retained_publish_backup_count": 0,
      "retained_publish_backup_retention_limit": 1,
      "lexical_generation_count": 0,
      "lexical_generation_build_state_counts": {
        "building": 0,
        "built": 0,
        "failed": 0,
        "scratch": 0,
        "validated": 0,
        "validating": 0
      },
      "lexical_generation_publish_state_counts": {
        "published": 0,
        "quarantined": 0,
        "staged": 0,
        "superseded": 0
      },
      "lexical_quarantined_generation_count": 0,
      "lexical_quarantined_shard_count": 0,
      "total_retained_bytes": 0,
      "gc_eligible_asset_count": 0,
      "gc_eligible_bytes": 0,
      "inspection_required_asset_count": 0,
      "inspection_required_bytes": 0,
      "cleanup_dry_run_generation_count": 0,
      "cleanup_dry_run_reclaim_candidate_count": 0,
      "cleanup_dry_run_reclaimable_bytes": 0,
      "cleanup_dry_run_retained_bytes": 0,
      "cleanup_dry_run_protected_generation_count": 0,
      "cleanup_dry_run_active_generation_count": 0,
      "cleanup_dry_run_inspection_required_count": 0,
      "cleanup_dry_run_approval_fingerprint": "cleanup-v1-1529494c33aceb4d443809482b810b5f2410dc1b37c3cc95e2c9838ecbaff098",
      "cleanup_apply_allowed": false
    },
    "quarantined_artifacts": [],
    "failed_seed_bundle_files": [],
    "retained_publish_backups": [],
    "lexical_generations": [],
    "lexical_cleanup_dry_run": {
      "dry_run": true,
      "approval_fingerprint": "cleanup-v1-1529494c33aceb4d443809482b810b5f2410dc1b37c3cc95e2c9838ecbaff098",
      "generation_count": 0,
      "total_artifact_bytes": 0,
      "total_reclaimable_bytes": 0,
      "total_retained_bytes": 0,
      "reclaim_candidates": [],
      "reclaimable_generation_ids": [],
      "fully_retained_generation_ids": [],
      "protected_generation_ids": [],
      "protected_retained_bytes": 0,
      "quarantined_generation_ids": [],
      "active_generation_ids": [],
      "disposition_counts": {},
      "generation_disposition_summaries": {},
      "inspection_items": [],
      "inspection_required_generation_ids": [],
      "inspection_required_count": 0,
      "inspection_required_retained_bytes": 0,
      "shard_disposition_summaries": {},
      "inventories": []
    },
    "lexical_cleanup_apply_gate": {
      "apply_allowed": false,
      "dry_run": true,
      "explicit_operator_approval": false,
      "approval_fingerprint": "cleanup-v1-1529494c33aceb4d443809482b810b5f2410dc1b37c3cc95e2c9838ecbaff098",
      "provided_approval_fingerprint": null,
      "approval_fingerprint_status": "not_requested",
      "approval_fingerprint_matches": false,
      "generation_count": 0,
      "total_artifact_bytes": 0,
      "total_retained_bytes": 0,
      "candidate_count": 0,
      "reclaimable_bytes": 0,
      "disposition_counts": {},
      "generation_disposition_summaries": {},
      "shard_disposition_summaries": {},
      "candidate_previews": [],
      "reclaimable_generation_ids": [],
      "fully_retained_generation_ids": [],
      "quarantined_generation_ids": [],
      "blocker_codes": [
        "no_reclaimable_candidates",
        "operator_approval_required"
      ],
      "blocked_reasons": [
        "no reclaimable cleanup candidates",
        "destructive cleanup requires explicit operator approval after dry-run"
      ],
      "active_generation_ids": [],
      "protected_generation_ids": [],
      "protected_retained_bytes": 0,
      "inspection_previews": [],
      "inspection_required_count": 0,
      "inspection_required_retained_bytes": 0,
      "inspection_required_generation_ids": []
    },
    "warnings": []
  },
  "_meta": {
    "elapsed_ms": 0,
    "data_dir": "[TEST_HOME]/coding-agent-search",
    "db_path": "[TEST_HOME]/coding-agent-search/agent_search.db",
    "fix_mode": false
  }
}