{
  "status": "not_initialized",
  "healthy": false,
  "initialized": false,
  "explanation": "No cass database or search index exists in [TEST_HOME]/cass-data yet. This is expected on a fresh install or when using a brand-new --data-dir.",
  "recommended_action": "Run 'cass index --full' once to discover local sessions and build the initial archive.",
  "issues_found": 3,
  "issues_fixed": 0,
  "failures": 0,
  "warnings": 3,
  "needs_rebuild": false,
  "auto_fix_applied": false,
  "auto_fix_actions": [],
  "asset_taxonomy": [
    {
      "asset_class": "source_session_log",
      "safety_classification": "precious_evidence",
      "derived": false,
      "precious": true,
      "auto_delete_allowed": false,
      "safe_to_gc_allowed": false,
      "allowed_operations": [
        "read",
        "backup",
        "copy",
        "move_quarantine",
        "normalize",
        "redact",
        "export",
        "support_bundle"
      ],
      "notes": "Original provider session logs may be the only surviving archive copy."
    },
    {
      "asset_class": "raw_mirror_blob",
      "safety_classification": "precious_evidence",
      "derived": false,
      "precious": true,
      "auto_delete_allowed": false,
      "safe_to_gc_allowed": false,
      "allowed_operations": [
        "read",
        "backup",
        "copy",
        "move_quarantine",
        "normalize",
        "redact",
        "export",
        "support_bundle"
      ],
      "notes": "Raw mirrors preserve original bytes for future parser recovery."
    },
    {
      "asset_class": "canonical_archive_db",
      "safety_classification": "canonical_archive",
      "derived": false,
      "precious": true,
      "auto_delete_allowed": false,
      "safe_to_gc_allowed": false,
      "allowed_operations": [
        "read",
        "backup",
        "copy",
        "normalize",
        "rebuild",
        "restore",
        "redact",
        "export",
        "support_bundle"
      ],
      "notes": "SQLite archive state is the source of truth for indexed conversations."
    },
    {
      "asset_class": "archive_db_sidecar",
      "safety_classification": "recoverable_sidecar",
      "derived": false,
      "precious": true,
      "auto_delete_allowed": false,
      "safe_to_gc_allowed": false,
      "allowed_operations": [
        "read",
        "backup",
        "copy",
        "rebuild",
        "restore",
        "support_bundle"
      ],
      "notes": "WAL/SHM and related sidecars can contain uncheckpointed archive state."
    },
    {
      "asset_class": "source_coverage_ledger",
      "safety_classification": "audit_trail",
      "derived": false,
      "precious": true,
      "auto_delete_allowed": false,
      "safe_to_gc_allowed": false,
      "allowed_operations": [
        "read",
        "backup",
        "copy",
        "redact",
        "export",
        "support_bundle"
      ],
      "notes": "Coverage ledgers explain which source paths have been mirrored or indexed."
    },
    {
      "asset_class": "user_config",
      "safety_classification": "user_configuration",
      "derived": false,
      "precious": true,
      "auto_delete_allowed": false,
      "safe_to_gc_allowed": false,
      "allowed_operations": [
        "read",
        "backup",
        "copy",
        "restore",
        "redact",
        "export",
        "support_bundle"
      ],
      "notes": "User configuration must be preserved unless an operator explicitly edits it."
    },
    {
      "asset_class": "bookmark_store",
      "safety_classification": "user_configuration",
      "derived": false,
      "precious": true,
      "auto_delete_allowed": false,
      "safe_to_gc_allowed": false,
      "allowed_operations": [
        "read",
        "backup",
        "copy",
        "restore",
        "redact",
        "export",
        "support_bundle"
      ],
      "notes": "Bookmarks are user-authored archive annotations."
    },
    {
      "asset_class": "operation_receipt",
      "safety_classification": "audit_trail",
      "derived": false,
      "precious": true,
      "auto_delete_allowed": false,
      "safe_to_gc_allowed": false,
      "allowed_operations": [
        "read",
        "backup",
        "copy",
        "redact",
        "export",
        "support_bundle"
      ],
      "notes": "Receipts prove what doctor changed or refused to change."
    },
    {
      "asset_class": "event_log",
      "safety_classification": "audit_trail",
      "derived": false,
      "precious": true,
      "auto_delete_allowed": false,
      "safe_to_gc_allowed": false,
      "allowed_operations": [
        "read",
        "backup",
        "copy",
        "redact",
        "export",
        "support_bundle"
      ],
      "notes": "Event logs are forensic breadcrumbs for repair and support."
    },
    {
      "asset_class": "forensic_bundle",
      "safety_classification": "diagnostic_evidence",
      "derived": false,
      "precious": true,
      "auto_delete_allowed": false,
      "safe_to_gc_allowed": false,
      "allowed_operations": [
        "read",
        "backup",
        "copy",
        "redact",
        "export",
        "support_bundle"
      ],
      "notes": "Forensic bundles are captured evidence, not cleanup candidates."
    },
    {
      "asset_class": "support_bundle",
      "safety_classification": "diagnostic_evidence",
      "derived": false,
      "precious": true,
      "auto_delete_allowed": false,
      "safe_to_gc_allowed": false,
      "allowed_operations": [
        "read",
        "backup",
        "copy",
        "redact",
        "export",
        "support_bundle"
      ],
      "notes": "Support bundles can be redacted and exported but never auto-pruned."
    },
    {
      "asset_class": "backup_bundle",
      "safety_classification": "backup_evidence",
      "derived": false,
      "precious": true,
      "auto_delete_allowed": false,
      "safe_to_gc_allowed": false,
      "allowed_operations": [
        "read",
        "copy",
        "restore",
        "redact",
        "export",
        "support_bundle"
      ],
      "notes": "Backups may be the only rollback point after a failed repair."
    },
    {
      "asset_class": "derived_lexical_index",
      "safety_classification": "derived_rebuildable",
      "derived": true,
      "precious": false,
      "auto_delete_allowed": false,
      "safe_to_gc_allowed": false,
      "allowed_operations": [
        "read",
        "backup",
        "copy",
        "move_quarantine",
        "rebuild",
        "support_bundle"
      ],
      "notes": "Live lexical indexes are derived but must be reclassified before pruning."
    },
    {
      "asset_class": "derived_semantic_index",
      "safety_classification": "derived_rebuildable",
      "derived": true,
      "precious": false,
      "auto_delete_allowed": false,
      "safe_to_gc_allowed": false,
      "allowed_operations": [
        "read",
        "backup",
        "copy",
        "move_quarantine",
        "rebuild",
        "support_bundle"
      ],
      "notes": "Semantic indexes are derived and rebuildable but can be expensive to recreate."
    },
    {
      "asset_class": "model_cache",
      "safety_classification": "derived_rebuildable",
      "derived": true,
      "precious": false,
      "auto_delete_allowed": false,
      "safe_to_gc_allowed": false,
      "allowed_operations": [
        "read",
        "backup",
        "copy",
        "move_quarantine",
        "rebuild",
        "support_bundle"
      ],
      "notes": "Model caches are opt-in downloads; do not silently delete them."
    },
    {
      "asset_class": "memo_cache",
      "safety_classification": "derived_reclaimable",
      "derived": true,
      "precious": false,
      "auto_delete_allowed": true,
      "safe_to_gc_allowed": true,
      "allowed_operations": [
        "read",
        "backup",
        "copy",
        "move_quarantine",
        "rebuild",
        "prune_reclaim",
        "support_bundle"
      ],
      "notes": "Memoization caches are derived and may be reclaimed when a plan proves safety."
    },
    {
      "asset_class": "retained_publish_backup",
      "safety_classification": "derived_reclaimable",
      "derived": true,
      "precious": false,
      "auto_delete_allowed": true,
      "safe_to_gc_allowed": true,
      "allowed_operations": [
        "read",
        "backup",
        "copy",
        "move_quarantine",
        "rebuild",
        "prune_reclaim",
        "support_bundle"
      ],
      "notes": "Bounded old lexical publish backups are derived rollback copies."
    },
    {
      "asset_class": "failed_seed_bundle",
      "safety_classification": "diagnostic_evidence",
      "derived": false,
      "precious": true,
      "auto_delete_allowed": false,
      "safe_to_gc_allowed": false,
      "allowed_operations": [
        "read",
        "backup",
        "copy",
        "redact",
        "export",
        "support_bundle"
      ],
      "notes": "Failed seed bundles explain initialization failures and require inspection."
    },
    {
      "asset_class": "quarantined_lexical_generation",
      "safety_classification": "diagnostic_evidence",
      "derived": true,
      "precious": false,
      "auto_delete_allowed": false,
      "safe_to_gc_allowed": false,
      "allowed_operations": [
        "read",
        "backup",
        "copy",
        "redact",
        "export",
        "support_bundle"
      ],
      "notes": "Quarantined generations are retained as evidence until inspection clears them."
    },
    {
      "asset_class": "quarantined_lexical_shard",
      "safety_classification": "diagnostic_evidence",
      "derived": true,
      "precious": false,
      "auto_delete_allowed": false,
      "safe_to_gc_allowed": false,
      "allowed_operations": [
        "read",
        "backup",
        "copy",
        "redact",
        "export",
        "support_bundle"
      ],
      "notes": "Quarantined shards are retained as validation-failure evidence."
    },
    {
      "asset_class": "reclaimable_derived_cache",
      "safety_classification": "derived_reclaimable",
      "derived": true,
      "precious": false,
      "auto_delete_allowed": true,
      "safe_to_gc_allowed": true,
      "allowed_operations": [
        "read",
        "backup",
        "copy",
        "move_quarantine",
        "rebuild",
        "prune_reclaim",
        "support_bundle"
      ],
      "notes": "A repair planner may use this only after proving the artifact is derived and replaceable."
    },
    {
      "asset_class": "external_upstream_source",
      "safety_classification": "external_source",
      "derived": false,
      "precious": true,
      "auto_delete_allowed": false,
      "safe_to_gc_allowed": false,
      "allowed_operations": [
        "read",
        "copy",
        "support_bundle"
      ],
      "notes": "External provider stores are never owned by cass doctor cleanup."
    },
    {
      "asset_class": "unknown",
      "safety_classification": "unknown",
      "derived": false,
      "precious": true,
      "auto_delete_allowed": false,
      "safe_to_gc_allowed": false,
      "allowed_operations": [],
      "notes": "Unknown assets fail closed until a specific class is added to the taxonomy."
    }
  ],
  "checks": [
    {
      "name": "data_directory",
      "status": "pass",
      "message": "Data directory exists: [TEST_HOME]/cass-data",
      "fix_available": false,
      "fix_applied": false
    },
    {
      "name": "lock_file",
      "status": "pass",
      "message": "No stale lock files",
      "fix_available": false,
      "fix_applied": false
    },
    {
      "name": "database",
      "status": "warn",
      "message": "Database not initialized yet - no archive has been created in this data dir",
      "fix_available": false,
      "fix_applied": false
    },
    {
      "name": "index",
      "status": "warn",
      "message": "Search index not initialized yet - run the first index to build Tantivy metadata",
      "fix_available": false,
      "fix_applied": false
    },
    {
      "name": "config",
      "status": "pass",
      "message": "No config file (using defaults)",
      "fix_available": false,
      "fix_applied": false
    },
    {
      "name": "sources_config",
      "status": "pass",
      "message": "No remote sources configured",
      "fix_available": false,
      "fix_applied": false
    },
    {
      "name": "sessions",
      "status": "warn",
      "message": "No agent session directories found",
      "fix_available": false,
      "fix_applied": false
    }
  ],
  "quarantine": {
    "summary": {
      "failed_seed_bundle_count": 2,
      "retained_publish_backup_count": 2,
      "retained_publish_backup_retention_limit": 1,
      "lexical_generation_count": 1,
      "lexical_generation_build_state_counts": {
        "building": 0,
        "built": 0,
        "failed": 1,
        "scratch": 0,
        "validated": 0,
        "validating": 0
      },
      "lexical_generation_publish_state_counts": {
        "published": 0,
        "quarantined": 1,
        "staged": 0,
        "superseded": 0
      },
      "lexical_quarantined_generation_count": 1,
      "lexical_quarantined_shard_count": 1,
      "total_retained_bytes": 1138,
      "gc_eligible_asset_count": 1,
      "gc_eligible_bytes": 25,
      "inspection_required_asset_count": 3,
      "inspection_required_bytes": 1088,
      "cleanup_dry_run_generation_count": 1,
      "cleanup_dry_run_reclaim_candidate_count": 0,
      "cleanup_dry_run_reclaimable_bytes": 0,
      "cleanup_dry_run_retained_bytes": 512,
      "cleanup_dry_run_protected_generation_count": 1,
      "cleanup_dry_run_active_generation_count": 0,
      "cleanup_dry_run_inspection_required_count": 1,
      "cleanup_dry_run_approval_fingerprint": "cleanup-v1-6ccf4cfcf4dc2e46ee789a8531ea21cf1281cd50840978e797928bf330e31fc7",
      "cleanup_apply_allowed": false
    },
    "quarantined_artifacts": [
      {
        "asset_class": "failed_seed_bundle",
        "safety_classification": "diagnostic_evidence",
        "derived": false,
        "precious": true,
        "auto_delete_allowed": false,
        "safe_to_gc_allowed": false,
        "artifact_kind": "failed_seed_bundle_file",
        "path": "[TEST_HOME]/cass-data/backups/agent_search.db.20260423T120000.12345.deadbeef.failed-baseline-seed.bak",
        "generation_id": null,
        "shard_id": null,
        "publish_state": null,
        "shard_state": null,
        "size_bytes": 11,
        "age_seconds": "[AGE_SECONDS]",
        "last_read_at_ms": "[LAST_READ_MS]",
        "safe_to_gc": false,
        "gc_reason": "failed baseline seed quarantine requires operator inspection"
      },
      {
        "asset_class": "failed_seed_bundle",
        "safety_classification": "diagnostic_evidence",
        "derived": false,
        "precious": true,
        "auto_delete_allowed": false,
        "safe_to_gc_allowed": false,
        "artifact_kind": "failed_seed_bundle_file",
        "path": "[TEST_HOME]/cass-data/backups/agent_search.db.20260423T120000.12345.deadbeef.failed-baseline-seed.bak-wal",
        "generation_id": null,
        "shard_id": null,
        "publish_state": null,
        "shard_state": null,
        "size_bytes": 8,
        "age_seconds": "[AGE_SECONDS]",
        "last_read_at_ms": "[LAST_READ_MS]",
        "safe_to_gc": false,
        "gc_reason": "failed baseline seed quarantine requires operator inspection"
      },
      {
        "asset_class": "quarantined_lexical_generation",
        "safety_classification": "diagnostic_evidence",
        "derived": true,
        "precious": false,
        "auto_delete_allowed": false,
        "safe_to_gc_allowed": false,
        "artifact_kind": "lexical_generation",
        "path": "[TEST_HOME]/cass-data/index/generation-quarantined",
        "generation_id": "gen-quarantined",
        "shard_id": null,
        "publish_state": "quarantined",
        "shard_state": null,
        "size_bytes": 1069,
        "age_seconds": "[AGE_SECONDS]",
        "last_read_at_ms": "[LAST_READ_MS]",
        "safe_to_gc": false,
        "gc_reason": "cleanup dry-run requires inspection before garbage collection"
      },
      {
        "asset_class": "quarantined_lexical_shard",
        "safety_classification": "diagnostic_evidence",
        "derived": true,
        "precious": false,
        "auto_delete_allowed": false,
        "safe_to_gc_allowed": false,
        "artifact_kind": "lexical_shard",
        "path": "[TEST_HOME]/cass-data/index/generation-quarantined",
        "generation_id": "gen-quarantined",
        "shard_id": "shard-a",
        "publish_state": "quarantined",
        "shard_state": "quarantined",
        "size_bytes": 512,
        "age_seconds": "[AGE_SECONDS]",
        "last_read_at_ms": "[LAST_READ_MS]",
        "safe_to_gc": false,
        "gc_reason": "validation_failed"
      }
    ],
    "failed_seed_bundle_files": [
      {
        "asset_class": "failed_seed_bundle",
        "safety_classification": "diagnostic_evidence",
        "derived": false,
        "precious": true,
        "auto_delete_allowed": false,
        "safe_to_gc_allowed": false,
        "path": "[TEST_HOME]/cass-data/backups/agent_search.db.20260423T120000.12345.deadbeef.failed-baseline-seed.bak",
        "size_bytes": 11,
        "age_seconds": "[AGE_SECONDS]",
        "last_read_at_ms": "[LAST_READ_MS]",
        "safe_to_gc": false,
        "gc_reason": "failed baseline seed quarantine requires operator inspection"
      },
      {
        "asset_class": "failed_seed_bundle",
        "safety_classification": "diagnostic_evidence",
        "derived": false,
        "precious": true,
        "auto_delete_allowed": false,
        "safe_to_gc_allowed": false,
        "path": "[TEST_HOME]/cass-data/backups/agent_search.db.20260423T120000.12345.deadbeef.failed-baseline-seed.bak-wal",
        "size_bytes": 8,
        "age_seconds": "[AGE_SECONDS]",
        "last_read_at_ms": "[LAST_READ_MS]",
        "safe_to_gc": false,
        "gc_reason": "failed baseline seed quarantine requires operator inspection"
      }
    ],
    "retained_publish_backups": [
      {
        "asset_class": "retained_publish_backup",
        "safety_classification": "derived_reclaimable",
        "derived": true,
        "precious": false,
        "auto_delete_allowed": true,
        "safe_to_gc_allowed": true,
        "path": "[TEST_HOME]/cass-data/index/.lexical-publish-backups/prior-live-newer",
        "size_bytes": 25,
        "age_seconds": "[AGE_SECONDS]",
        "last_read_at_ms": "[LAST_READ_MS]",
        "safe_to_gc": false,
        "gc_reason": "retained lexical publish backup is still protected by retention cap (1)"
      },
      {
        "asset_class": "retained_publish_backup",
        "safety_classification": "derived_reclaimable",
        "derived": true,
        "precious": false,
        "auto_delete_allowed": true,
        "safe_to_gc_allowed": true,
        "path": "[TEST_HOME]/cass-data/index/.lexical-publish-backups/prior-live-older",
        "size_bytes": 25,
        "age_seconds": "[AGE_SECONDS]",
        "last_read_at_ms": "[LAST_READ_MS]",
        "safe_to_gc": true,
        "gc_reason": "retained lexical publish backup falls outside retention cap (1)"
      }
    ],
    "lexical_generations": [
      {
        "asset_class": "quarantined_lexical_generation",
        "safety_classification": "diagnostic_evidence",
        "derived": true,
        "precious": false,
        "auto_delete_allowed": false,
        "safe_to_gc_allowed": false,
        "path": "[TEST_HOME]/cass-data/index/generation-quarantined",
        "generation_id": "gen-quarantined",
        "publish_state": "quarantined",
        "quarantined_shards": 1,
        "total_shards": 1,
        "artifact_bytes": 1069,
        "updated_at_ms": 1733000000321,
        "age_seconds": "[AGE_SECONDS]",
        "last_read_at_ms": "[LAST_READ_MS]",
        "reclaimable_bytes": 0,
        "inspection_required": true,
        "safe_to_gc": false,
        "gc_reason": "cleanup dry-run requires inspection before garbage collection"
      }
    ],
    "lexical_cleanup_dry_run": {
      "dry_run": true,
      "approval_fingerprint": "cleanup-v1-6ccf4cfcf4dc2e46ee789a8531ea21cf1281cd50840978e797928bf330e31fc7",
      "generation_count": 1,
      "total_artifact_bytes": 512,
      "total_reclaimable_bytes": 0,
      "total_retained_bytes": 512,
      "reclaim_candidates": [],
      "reclaimable_generation_ids": [],
      "fully_retained_generation_ids": [
        "gen-quarantined"
      ],
      "protected_generation_ids": [
        "gen-quarantined"
      ],
      "protected_retained_bytes": 512,
      "quarantined_generation_ids": [
        "gen-quarantined"
      ],
      "active_generation_ids": [],
      "disposition_counts": {
        "quarantined_retained": 1
      },
      "generation_disposition_summaries": {
        "quarantined_retained": {
          "generation_count": 1,
          "artifact_bytes": 512,
          "reclaimable_bytes": 0,
          "retained_bytes": 512
        }
      },
      "inspection_items": [
        {
          "generation_id": "gen-quarantined",
          "shard_id": "shard-a",
          "disposition": "quarantined_retained",
          "reason": "validation_failed",
          "retained_bytes": 512
        }
      ],
      "inspection_required_generation_ids": [
        "gen-quarantined"
      ],
      "inspection_required_count": 1,
      "inspection_required_retained_bytes": 512,
      "shard_disposition_summaries": {
        "quarantined_retained": {
          "shard_count": 1,
          "artifact_bytes": 512,
          "reclaimable_bytes": 0,
          "retained_bytes": 512
        }
      },
      "inventories": [
        {
          "generation_id": "gen-quarantined",
          "build_state": "failed",
          "publish_state": "quarantined",
          "disposition": "quarantined_retained",
          "reason": "quarantined lexical generation is retained for inspection",
          "retain_until_ms": null,
          "retention_reason": "quarantined generation is retained indefinitely until operator inspection clears it",
          "artifact_bytes": 512,
          "reclaimable_bytes": 0,
          "retained_bytes": 512,
          "shards": [
            {
              "shard_id": "shard-a",
              "state": "quarantined",
              "disposition": "quarantined_retained",
              "reason": "validation_failed",
              "artifact_bytes": 512,
              "reclaimable_bytes": 0,
              "retained_bytes": 512
            }
          ]
        }
      ]
    },
    "lexical_cleanup_apply_gate": {
      "apply_allowed": false,
      "dry_run": true,
      "explicit_operator_approval": false,
      "approval_fingerprint": "cleanup-v1-6ccf4cfcf4dc2e46ee789a8531ea21cf1281cd50840978e797928bf330e31fc7",
      "provided_approval_fingerprint": null,
      "approval_fingerprint_status": "not_requested",
      "approval_fingerprint_matches": false,
      "generation_count": 1,
      "total_artifact_bytes": 512,
      "total_retained_bytes": 512,
      "candidate_count": 0,
      "reclaimable_bytes": 0,
      "disposition_counts": {
        "quarantined_retained": 1
      },
      "generation_disposition_summaries": {
        "quarantined_retained": {
          "generation_count": 1,
          "artifact_bytes": 512,
          "reclaimable_bytes": 0,
          "retained_bytes": 512
        }
      },
      "shard_disposition_summaries": {
        "quarantined_retained": {
          "shard_count": 1,
          "artifact_bytes": 512,
          "reclaimable_bytes": 0,
          "retained_bytes": 512
        }
      },
      "candidate_previews": [],
      "reclaimable_generation_ids": [],
      "fully_retained_generation_ids": [
        "gen-quarantined"
      ],
      "quarantined_generation_ids": [
        "gen-quarantined"
      ],
      "blocker_codes": [
        "no_reclaimable_candidates",
        "operator_approval_required"
      ],
      "blocked_reasons": [
        "no reclaimable cleanup candidates",
        "destructive cleanup requires explicit operator approval after dry-run"
      ],
      "active_generation_ids": [],
      "protected_generation_ids": [
        "gen-quarantined"
      ],
      "protected_retained_bytes": 512,
      "inspection_previews": [
        {
          "generation_id": "gen-quarantined",
          "shard_id": "shard-a",
          "disposition": "quarantined_retained",
          "reason": "validation_failed",
          "retained_bytes": 512
        }
      ],
      "inspection_required_count": 1,
      "inspection_required_retained_bytes": 512,
      "inspection_required_generation_ids": [
        "gen-quarantined"
      ]
    },
    "warnings": []
  },
  "_meta": {
    "elapsed_ms": 0,
    "data_dir": "[TEST_HOME]/cass-data",
    "db_path": "[TEST_HOME]/cass-data/agent_search.db",
    "fix_mode": false
  }
}