{
  "status": "not_initialized",
  "healthy": false,
  "initialized": false,
  "explanation": "No cass database or search index exists in [TEST_HOME]/cass-data yet. This is expected on a fresh install or when using a brand-new --data-dir.",
  "index": {
    "exists": false,
    "status": "missing",
    "reason": "lexical Tantivy metadata missing",
    "fresh": false,
    "last_indexed_at": null,
    "age_seconds": "[AGE_SECONDS]",
    "stale": false,
    "stale_threshold_seconds": 1800,
    "rebuilding": false,
    "activity_at": null,
    "documents": null,
    "empty_with_messages": false,
    "fingerprint": {
      "current_db_fingerprint": null,
      "checkpoint_fingerprint": null,
      "matches_current_db_fingerprint": null
    },
    "checkpoint": {
      "present": false,
      "completed": null,
      "db_matches": null,
      "schema_matches": null,
      "page_size_matches": null,
      "page_size_compatible": null
    }
  },
  "database": {
    "exists": false,
    "opened": false,
    "conversations": 0,
    "messages": 0,
    "path": "[TEST_HOME]/cass-data/agent_search.db",
    "open_error": null,
    "open_retryable": false,
    "counts_skipped": false,
    "open_skipped": false
  },
  "pending": {
    "sessions": 0,
    "watch_active": false,
    "orphaned": false
  },
  "rebuild": {
    "active": false,
    "orphaned": false,
    "pid": null,
    "mode": null,
    "job_id": null,
    "job_kind": null,
    "phase": null,
    "started_at": null,
    "updated_at": null,
    "processed_conversations": null,
    "total_conversations": null,
    "indexed_docs": null,
    "pipeline": {
      "workers": 64,
      "available_parallelism": 128,
      "reserved_cores": 8,
      "tantivy_writer_threads": 26,
      "staged_shard_builders": 8,
      "staged_merge_workers": 8,
      "controller_mode": "auto",
      "controller_restore_clear_samples": 3,
      "controller_restore_hold_ms": 5000,
      "pipeline_max_message_bytes_in_flight": 536870912,
      "page_prep_workers": 8,
      "page_size": 1024,
      "steady_batch_fetch_conversations": 1024,
      "startup_batch_fetch_conversations": 32,
      "steady_commit_every_conversations": 10000,
      "startup_commit_every_conversations": 2048,
      "steady_commit_every_messages": 800000,
      "startup_commit_every_messages": 800000,
      "steady_commit_every_message_bytes": 536870912,
      "startup_commit_every_message_bytes": 134217728,
      "pipeline_channel_size": 4,
      "controller_loadavg_high_watermark_1m": 121.0,
      "controller_loadavg_low_watermark_1m": 120.0,
      "runtime": null
    }
  },
  "rebuild_progress": {
    "active": false,
    "mode": null,
    "phase": null,
    "processed_conversations": null,
    "total_conversations": null,
    "remaining_conversations": null,
    "completion_ratio": null,
    "indexed_docs": null,
    "runtime_available": false,
    "queue_depth": null,
    "queue_capacity": null,
    "queue_headroom": null,
    "pending_batch_conversations": null,
    "pending_batch_message_bytes": null,
    "inflight_message_bytes": null,
    "max_message_bytes_in_flight": null,
    "inflight_message_bytes_headroom": null,
    "controller_mode": null,
    "controller_reason": null,
    "updated_at": null
  },
  "semantic": {
    "status": "not_initialized",
    "availability": "not_initialized",
    "summary": "semantic search is optional and has not been initialized yet",
    "available": false,
    "can_search": false,
    "fallback_mode": "lexical",
    "preferred_backend": "fastembed",
    "embedder_id": null,
    "vector_index_path": null,
    "model_dir": null,
    "hnsw_path": null,
    "hnsw_ready": false,
    "progressive_ready": false,
    "hint": "Run 'cass index --full' first. Optional later: run 'cass models install' and 'cass index --semantic', or keep using --mode lexical.",
    "fast_tier": {
      "present": false,
      "ready": false,
      "current_db_matches": null,
      "conversation_count": null,
      "doc_count": null,
      "embedder_id": null,
      "model_revision": null,
      "completed_at": null,
      "size_bytes": null
    },
    "quality_tier": {
      "present": false,
      "ready": false,
      "current_db_matches": null,
      "conversation_count": null,
      "doc_count": null,
      "embedder_id": null,
      "model_revision": null,
      "completed_at": null,
      "size_bytes": null
    },
    "backlog": {
      "total_conversations": 0,
      "fast_tier_processed": 0,
      "fast_tier_remaining": 0,
      "quality_tier_processed": 0,
      "quality_tier_remaining": 0,
      "pending_work": false,
      "current_db_matches": null,
      "computed_at": null
    },
    "checkpoint": {
      "active": false,
      "tier": null,
      "current_db_matches": null,
      "completed": null,
      "conversations_processed": null,
      "total_conversations": null,
      "progress_pct": null,
      "docs_embedded": null,
      "last_offset": null,
      "saved_at": null
    }
  },
  "policy_registry": {
    "schema_version": "1",
    "controllers": [
      {
        "controller_id": "lexical_rebuild_pipeline",
        "policy_id": "lexical_rebuild.pipeline.v1",
        "policy_version": "pipeline_settings_v1",
        "status": "active",
        "fallback_state": "not_needed",
        "conservative_fallback": false,
        "decision_reason": "pipeline settings active",
        "inputs": {
          "controller_loadavg_high_watermark_1m": "121.0",
          "controller_loadavg_low_watermark_1m": "120.0",
          "controller_mode": "auto",
          "controller_restore_clear_samples": "3",
          "controller_restore_hold_ms": "5000",
          "page_prep_workers": "8",
          "pipeline_channel_size": "4",
          "pipeline_max_message_bytes_in_flight": "536870912",
          "staged_merge_workers": "8",
          "staged_shard_builders": "8"
        }
      },
      {
        "controller_id": "semantic_search",
        "policy_id": "semantic.hybrid_preferred.v1",
        "policy_version": "semantic_schema_1+chunking_1",
        "status": "fallback",
        "fallback_state": "conservative",
        "conservative_fallback": true,
        "decision_reason": "semantic unavailable; lexical fallback remains active",
        "inputs": {
          "chunk_timeout_seconds": "120",
          "chunking_strategy_version": "1",
          "download_policy": "opt_in",
          "fast_dimension": "256",
          "fast_tier_embedder": "hash",
          "idle_delay_seconds": "30",
          "max_backfill_rss_mb": "256",
          "max_backfill_threads": "1",
          "max_model_size_mb": "300",
          "max_refinement_docs": "100",
          "min_free_disk_mb": "200",
          "mode": "hybrid_preferred",
          "quality_dimension": "384",
          "quality_tier_embedder": "minilm",
          "quality_weight": "0.7",
          "reranker": "ms-marco-minilm",
          "semantic_available": "false",
          "semantic_budget_mb": "500",
          "semantic_fallback_mode": "lexical",
          "semantic_schema_version": "1"
        }
      }
    ]
  },
  "topology_budget": {
    "schema_version": "1",
    "topology": {
      "source": "linux_sysfs",
      "topology_class": "many_core_single_socket",
      "logical_cpus": 128,
      "physical_cores": 64,
      "sockets": 1,
      "numa_nodes": 1,
      "llc_groups": 8,
      "smt_threads_per_core": 2,
      "memory_total_bytes": 536069881856,
      "memory_available_bytes": "[LIVE_BYTES]"
    },
    "reserved_core_policy": {
      "reserved_cores": 16,
      "policy": "max(default, locality*2_on_large_hosts, smt_width, logical/12) capped at 16",
      "reason": "reserve 16 of 128 logical CPUs for interactive work, IO, and NUMA/LLC service headroom"
    },
    "advisory_budgets": {
      "shard_builders": 32,
      "merge_workers": 16,
      "page_prep_workers": 16,
      "semantic_batchers": 8,
      "cache_cap_bytes": "[LIVE_BYTES]",
      "max_inflight_bytes": 536870912
    },
    "current_defaults": {
      "available_parallelism": 128,
      "reserved_cores": 8,
      "shard_builders": 8,
      "merge_workers": 8,
      "page_prep_workers": 8,
      "cache_cap_bytes": "[LIVE_BYTES]",
      "max_inflight_bytes": 536870912
    },
    "fallback_active": false,
    "decision_reason": "planned from ManyCoreSingleSocket: 128 logical CPUs, 64 physical cores, 1 socket(s), 1 NUMA node(s), 8 LLC group(s)",
    "proof_notes": [
      "advisory only: live controllers keep current conservative settings until explicitly wired",
      "CPU budgets prefer physical cores and LLC/NUMA locality over SMT oversubscription",
      "RAM caps scale only when MemAvailable is large enough to preserve broad host headroom"
    ]
  },
  "quarantine": {
    "summary": {
      "failed_seed_bundle_count": 2,
      "retained_publish_backup_count": 2,
      "retained_publish_backup_retention_limit": 1,
      "lexical_generation_count": 1,
      "lexical_generation_build_state_counts": {
        "building": 0,
        "built": 0,
        "failed": 1,
        "scratch": 0,
        "validated": 0,
        "validating": 0
      },
      "lexical_generation_publish_state_counts": {
        "published": 0,
        "quarantined": 1,
        "staged": 0,
        "superseded": 0
      },
      "lexical_quarantined_generation_count": 1,
      "lexical_quarantined_shard_count": 1,
      "total_retained_bytes": 1138,
      "gc_eligible_asset_count": 1,
      "gc_eligible_bytes": 25,
      "inspection_required_asset_count": 3,
      "inspection_required_bytes": 1088,
      "cleanup_dry_run_generation_count": 1,
      "cleanup_dry_run_reclaim_candidate_count": 0,
      "cleanup_dry_run_reclaimable_bytes": 0,
      "cleanup_dry_run_retained_bytes": 512,
      "cleanup_dry_run_protected_generation_count": 1,
      "cleanup_dry_run_active_generation_count": 0,
      "cleanup_dry_run_inspection_required_count": 1,
      "cleanup_dry_run_approval_fingerprint": "cleanup-v1-6ccf4cfcf4dc2e46ee789a8531ea21cf1281cd50840978e797928bf330e31fc7",
      "cleanup_apply_allowed": false
    },
    "quarantined_artifacts": [
      {
        "asset_class": "failed_seed_bundle",
        "safety_classification": "diagnostic_evidence",
        "derived": false,
        "precious": true,
        "auto_delete_allowed": false,
        "safe_to_gc_allowed": false,
        "artifact_kind": "failed_seed_bundle_file",
        "path": "[TEST_HOME]/cass-data/backups/agent_search.db.20260423T120000.12345.deadbeef.failed-baseline-seed.bak",
        "generation_id": null,
        "shard_id": null,
        "publish_state": null,
        "shard_state": null,
        "size_bytes": 11,
        "age_seconds": "[AGE_SECONDS]",
        "last_read_at_ms": "[LAST_READ_MS]",
        "safe_to_gc": false,
        "gc_reason": "failed baseline seed quarantine requires operator inspection"
      },
      {
        "asset_class": "failed_seed_bundle",
        "safety_classification": "diagnostic_evidence",
        "derived": false,
        "precious": true,
        "auto_delete_allowed": false,
        "safe_to_gc_allowed": false,
        "artifact_kind": "failed_seed_bundle_file",
        "path": "[TEST_HOME]/cass-data/backups/agent_search.db.20260423T120000.12345.deadbeef.failed-baseline-seed.bak-wal",
        "generation_id": null,
        "shard_id": null,
        "publish_state": null,
        "shard_state": null,
        "size_bytes": 8,
        "age_seconds": "[AGE_SECONDS]",
        "last_read_at_ms": "[LAST_READ_MS]",
        "safe_to_gc": false,
        "gc_reason": "failed baseline seed quarantine requires operator inspection"
      },
      {
        "asset_class": "quarantined_lexical_generation",
        "safety_classification": "diagnostic_evidence",
        "derived": true,
        "precious": false,
        "auto_delete_allowed": false,
        "safe_to_gc_allowed": false,
        "artifact_kind": "lexical_generation",
        "path": "[TEST_HOME]/cass-data/index/generation-quarantined",
        "generation_id": "gen-quarantined",
        "shard_id": null,
        "publish_state": "quarantined",
        "shard_state": null,
        "size_bytes": 1069,
        "age_seconds": "[AGE_SECONDS]",
        "last_read_at_ms": "[LAST_READ_MS]",
        "safe_to_gc": false,
        "gc_reason": "cleanup dry-run requires inspection before garbage collection"
      },
      {
        "asset_class": "quarantined_lexical_shard",
        "safety_classification": "diagnostic_evidence",
        "derived": true,
        "precious": false,
        "auto_delete_allowed": false,
        "safe_to_gc_allowed": false,
        "artifact_kind": "lexical_shard",
        "path": "[TEST_HOME]/cass-data/index/generation-quarantined",
        "generation_id": "gen-quarantined",
        "shard_id": "shard-a",
        "publish_state": "quarantined",
        "shard_state": "quarantined",
        "size_bytes": 512,
        "age_seconds": "[AGE_SECONDS]",
        "last_read_at_ms": "[LAST_READ_MS]",
        "safe_to_gc": false,
        "gc_reason": "validation_failed"
      }
    ],
    "failed_seed_bundle_files": [
      {
        "asset_class": "failed_seed_bundle",
        "safety_classification": "diagnostic_evidence",
        "derived": false,
        "precious": true,
        "auto_delete_allowed": false,
        "safe_to_gc_allowed": false,
        "path": "[TEST_HOME]/cass-data/backups/agent_search.db.20260423T120000.12345.deadbeef.failed-baseline-seed.bak",
        "size_bytes": 11,
        "age_seconds": "[AGE_SECONDS]",
        "last_read_at_ms": "[LAST_READ_MS]",
        "safe_to_gc": false,
        "gc_reason": "failed baseline seed quarantine requires operator inspection"
      },
      {
        "asset_class": "failed_seed_bundle",
        "safety_classification": "diagnostic_evidence",
        "derived": false,
        "precious": true,
        "auto_delete_allowed": false,
        "safe_to_gc_allowed": false,
        "path": "[TEST_HOME]/cass-data/backups/agent_search.db.20260423T120000.12345.deadbeef.failed-baseline-seed.bak-wal",
        "size_bytes": 8,
        "age_seconds": "[AGE_SECONDS]",
        "last_read_at_ms": "[LAST_READ_MS]",
        "safe_to_gc": false,
        "gc_reason": "failed baseline seed quarantine requires operator inspection"
      }
    ],
    "retained_publish_backups": [
      {
        "asset_class": "retained_publish_backup",
        "safety_classification": "derived_reclaimable",
        "derived": true,
        "precious": false,
        "auto_delete_allowed": true,
        "safe_to_gc_allowed": true,
        "path": "[TEST_HOME]/cass-data/index/.lexical-publish-backups/prior-live-newer",
        "size_bytes": 25,
        "age_seconds": "[AGE_SECONDS]",
        "last_read_at_ms": "[LAST_READ_MS]",
        "safe_to_gc": false,
        "gc_reason": "retained lexical publish backup is still protected by retention cap (1)"
      },
      {
        "asset_class": "retained_publish_backup",
        "safety_classification": "derived_reclaimable",
        "derived": true,
        "precious": false,
        "auto_delete_allowed": true,
        "safe_to_gc_allowed": true,
        "path": "[TEST_HOME]/cass-data/index/.lexical-publish-backups/prior-live-older",
        "size_bytes": 25,
        "age_seconds": "[AGE_SECONDS]",
        "last_read_at_ms": "[LAST_READ_MS]",
        "safe_to_gc": true,
        "gc_reason": "retained lexical publish backup falls outside retention cap (1)"
      }
    ],
    "lexical_generations": [
      {
        "asset_class": "quarantined_lexical_generation",
        "safety_classification": "diagnostic_evidence",
        "derived": true,
        "precious": false,
        "auto_delete_allowed": false,
        "safe_to_gc_allowed": false,
        "path": "[TEST_HOME]/cass-data/index/generation-quarantined",
        "generation_id": "gen-quarantined",
        "publish_state": "quarantined",
        "quarantined_shards": 1,
        "total_shards": 1,
        "artifact_bytes": 1069,
        "updated_at_ms": 1733000000321,
        "age_seconds": "[AGE_SECONDS]",
        "last_read_at_ms": "[LAST_READ_MS]",
        "reclaimable_bytes": 0,
        "inspection_required": true,
        "safe_to_gc": false,
        "gc_reason": "cleanup dry-run requires inspection before garbage collection"
      }
    ],
    "lexical_cleanup_dry_run": {
      "dry_run": true,
      "approval_fingerprint": "cleanup-v1-6ccf4cfcf4dc2e46ee789a8531ea21cf1281cd50840978e797928bf330e31fc7",
      "generation_count": 1,
      "total_artifact_bytes": 512,
      "total_reclaimable_bytes": 0,
      "total_retained_bytes": 512,
      "reclaim_candidates": [],
      "reclaimable_generation_ids": [],
      "fully_retained_generation_ids": [
        "gen-quarantined"
      ],
      "protected_generation_ids": [
        "gen-quarantined"
      ],
      "protected_retained_bytes": 512,
      "quarantined_generation_ids": [
        "gen-quarantined"
      ],
      "active_generation_ids": [],
      "disposition_counts": {
        "quarantined_retained": 1
      },
      "generation_disposition_summaries": {
        "quarantined_retained": {
          "generation_count": 1,
          "artifact_bytes": 512,
          "reclaimable_bytes": 0,
          "retained_bytes": 512
        }
      },
      "inspection_items": [
        {
          "generation_id": "gen-quarantined",
          "shard_id": "shard-a",
          "disposition": "quarantined_retained",
          "reason": "validation_failed",
          "retained_bytes": 512
        }
      ],
      "inspection_required_generation_ids": [
        "gen-quarantined"
      ],
      "inspection_required_count": 1,
      "inspection_required_retained_bytes": 512,
      "shard_disposition_summaries": {
        "quarantined_retained": {
          "shard_count": 1,
          "artifact_bytes": 512,
          "reclaimable_bytes": 0,
          "retained_bytes": 512
        }
      },
      "inventories": [
        {
          "generation_id": "gen-quarantined",
          "build_state": "failed",
          "publish_state": "quarantined",
          "disposition": "quarantined_retained",
          "reason": "quarantined lexical generation is retained for inspection",
          "retain_until_ms": null,
          "retention_reason": "quarantined generation is retained indefinitely until operator inspection clears it",
          "artifact_bytes": 512,
          "reclaimable_bytes": 0,
          "retained_bytes": 512,
          "shards": [
            {
              "shard_id": "shard-a",
              "state": "quarantined",
              "disposition": "quarantined_retained",
              "reason": "validation_failed",
              "artifact_bytes": 512,
              "reclaimable_bytes": 0,
              "retained_bytes": 512
            }
          ]
        }
      ]
    },
    "lexical_cleanup_apply_gate": {
      "apply_allowed": false,
      "dry_run": true,
      "explicit_operator_approval": false,
      "approval_fingerprint": "cleanup-v1-6ccf4cfcf4dc2e46ee789a8531ea21cf1281cd50840978e797928bf330e31fc7",
      "provided_approval_fingerprint": null,
      "approval_fingerprint_status": "not_requested",
      "approval_fingerprint_matches": false,
      "generation_count": 1,
      "total_artifact_bytes": 512,
      "total_retained_bytes": 512,
      "candidate_count": 0,
      "reclaimable_bytes": 0,
      "disposition_counts": {
        "quarantined_retained": 1
      },
      "generation_disposition_summaries": {
        "quarantined_retained": {
          "generation_count": 1,
          "artifact_bytes": 512,
          "reclaimable_bytes": 0,
          "retained_bytes": 512
        }
      },
      "shard_disposition_summaries": {
        "quarantined_retained": {
          "shard_count": 1,
          "artifact_bytes": 512,
          "reclaimable_bytes": 0,
          "retained_bytes": 512
        }
      },
      "candidate_previews": [],
      "reclaimable_generation_ids": [],
      "fully_retained_generation_ids": [
        "gen-quarantined"
      ],
      "quarantined_generation_ids": [
        "gen-quarantined"
      ],
      "blocker_codes": [
        "no_reclaimable_candidates",
        "operator_approval_required"
      ],
      "blocked_reasons": [
        "no reclaimable cleanup candidates",
        "destructive cleanup requires explicit operator approval after dry-run"
      ],
      "active_generation_ids": [],
      "protected_generation_ids": [
        "gen-quarantined"
      ],
      "protected_retained_bytes": 512,
      "inspection_previews": [
        {
          "generation_id": "gen-quarantined",
          "shard_id": "shard-a",
          "disposition": "quarantined_retained",
          "reason": "validation_failed",
          "retained_bytes": 512
        }
      ],
      "inspection_required_count": 1,
      "inspection_required_retained_bytes": 512,
      "inspection_required_generation_ids": [
        "gen-quarantined"
      ]
    },
    "warnings": []
  },
  "recommended_action": "Run 'cass index --full' once to discover local sessions and build the initial archive.",
  "_meta": {
    "timestamp": "[TIMESTAMP]",
    "data_dir": "[TEST_HOME]/cass-data",
    "db_path": "[TEST_HOME]/cass-data/agent_search.db"
  }
}