{
  "schema_version": "cass.swarm.status.v1",
  "status": "ok",
  "_meta": {
    "request_id": "fixture-unrelated_reservation",
    "generated_at_ms": 0,
    "elapsed_ms": 1,
    "repo": "[FIXTURE_REPO]",
    "project_key": "[FIXTURE_REPO]",
    "hostname": "fixture-host",
    "partial": false,
    "warnings": []
  },
  "providers": [
    {"name": "beads", "source": "fixture:beads", "status": "ok", "freshness_ms": 0, "elapsed_ms": 0, "error_kind": null, "warning": null},
    {"name": "agent_mail", "source": "fixture:agent_mail", "status": "ok", "freshness_ms": 0, "elapsed_ms": 0, "error_kind": null, "warning": null},
    {"name": "git", "source": "fixture:git", "status": "ok", "freshness_ms": 0, "elapsed_ms": 0, "error_kind": null, "warning": null},
    {"name": "process", "source": "fixture:processes", "status": "ok", "freshness_ms": 0, "elapsed_ms": 0, "error_kind": null, "warning": null},
    {"name": "cass_health", "source": "fixture:cass_health", "status": "ok", "freshness_ms": 0, "elapsed_ms": 0, "error_kind": null, "warning": null},
    {"name": "cass_status", "source": "fixture:cass_status", "status": "ok", "freshness_ms": 0, "elapsed_ms": 0, "error_kind": null, "warning": null},
    {"name": "evidence", "source": "fixture:evidence", "status": "ok", "freshness_ms": 0, "elapsed_ms": 0, "error_kind": null, "warning": null}
  ],
  "summary": {
    "ready_count": 1,
    "in_progress_count": 0,
    "blocked_count": 0,
    "active_agent_count": 1,
    "active_reservation_count": 1,
    "dirty_worktree": true,
    "build_pressure": "none",
    "stale_candidate_count": 0,
    "proof_gap_count": 0,
    "recommended_action": "claim-ready-bead"
  },
  "beads": {
    "ready": [
      {"id": "cass-ready-unrelated", "title": "Add unrelated reservation guard", "status": "open", "priority": 1, "issue_type": "test", "labels": ["swarm", "testing"], "updated_at": "2026-05-08T15:45:00Z", "age_seconds": 900, "owners": [], "safe_to_claim": true, "claim_blockers": [], "recommended_action": "claim-with-br-update"}
    ],
    "in_progress": [],
    "blocked": [],
    "stale_candidates": [],
    "graph": {"node_count": 12, "edge_count": 8, "has_cycles": false, "source": "fixture:bv"}
  },
  "agents": [
    {"name": "CreamRaven", "program": "codex", "model": "gpt-5.5", "task_description": "command-dispatch slice", "last_active_ts": "2026-05-08T15:59:00Z", "active": true, "current_threads": []}
  ],
  "reservations": [
    {"id": 101, "holder": "BronzePeak", "path_pattern": "docs/planning/**", "exclusive": true, "reason": "cass-docs-unrelated", "expires_ts": "2026-05-08T17:57:00Z", "state": "active", "overlaps_dirty_worktree": false}
  ],
  "build_pressure": {"status": "none", "active_rch_jobs": 0, "active_cargo_jobs": 0, "load_average_1m": 0.2, "cpu_count": 64, "recommended_action": "safe-to-run-focused-rch-test"},
  "git": {"branch": "main", "upstream": "origin/main", "ahead": 0, "behind": 0, "dirty": true, "dirty_paths": [{"status": "M", "path": "src/lib.rs"}], "recent_commits": [], "legacy_branch_mirror_required": false},
  "cass": {"health_status": "healthy", "healthy": true, "initialized": true, "recommended_action": null, "search_ready": true, "semantic_fallback_mode": "lexical", "active_rebuild": false},
  "evidence": {"recent_threads": [], "recent_proofs": [], "proof_gaps": [], "redaction_applied": false},
  "recommendations": [
    {"kind": "claim-ready-bead", "confidence": "high", "summary": "One ready bead has no conflicting evidence.", "commands": ["br update cass-ready-unrelated --status in_progress --json"], "requires_human_confirmation": false, "evidence_refs": ["beads.ready[0]"]}
  ],
  "privacy": {"raw_session_content_included": false, "mail_body_snippets_included": false, "redaction_policy": "strict", "redaction_applied": false, "sensitive_paths_scrubbed": 0}
}
